midnight adult-apps Open F260 Reading Plan|cornflower|6.25|min 5.75|midnight ; Open Larder Ledger|leaf|6|min 5.52|midnight ; Open Prayer|apricot|6.15|min 5.69|midnight ; Open Tally counter|seafoam|6.03|min 5.54|midnight ; Open Kitchen timer|coral|6.08|min 5.66|midnight ; Open Dollywood build guide|orchid|6.1|min 5.69|midnight ; Open Dollywood park map|lagoon|6.13|min 5.62|midnight ; Open Kid Verse|honey|6.08|min 5.61|midnight ; Open Verses|pistachio|6.12|min 5.61|midnight
midnight adult-home Today's reading|cornflower|6.22|min 5.74|midnight ; In the fridge|leaf|6|min 5.45|midnight ; Prayer|apricot|6.15|min 5.69|midnight ; Memory verses|pistachio|6.12|min 5.59|midnight ; Timer|coral|6.08|min 5.65|midnight ; Kids|honey|6.08|min 5.59|midnight ; Reminders|graphite|6.74|min 6.42|midnight ; Around the house|graphite|6.74|min 6.42|midnight
midnight adult-chat Week 38 day 3: Acts 6. That will make 3 |periwinkle|6.09|min 5.67|midnight
midnight kid-apps Open Larder Ledger|leaf|6|min 5.45|midnight ; Open Prayer|apricot|6.15|min 5.69|midnight ; Open Tally counter|seafoam|6.03|min 5.46|midnight ; Open Kitchen timer|coral|6.08|min 5.65|midnight ; Open Dollywood park map|lagoon|6.13|min 5.62|midnight ; Open Kid Verse|honey|6.08|min 5.59|midnight ; Open Verses|pistachio|6.12|min 5.59|midnight
midnight kid-home Open all my apps|aqua|6.07|min 5.56|midnight ; Stars|honey|5.99|min 5.59|midnight
midnight tv Verse of the week · Week 38|cornflower|7.65|min 7.02|midnight ; Prayed today|apricot|7.45|min 6.89|midnight ; Reading today|cornflower|7.65|min 7.02|midnight ; Stars this week|honey|7.56|min 6.95|midnight ; Around the house|graphite|8.03|min 7.65|midnight ; Reminders|graphite|8.03|min 7.65|midnight
midnight park-map Nearby|periwinkle|7.02|min 7.02|midnight
forest adult-apps Open F260 Reading Plan|cornflower|6.25|min 5.75|forest ; Open Larder Ledger|leaf|6|min 5.52|forest ; Open Prayer|apricot|6.15|min 5.69|forest ; Open Tally counter|seafoam|6.03|min 5.54|forest ; Open Kitchen timer|coral|6.08|min 5.66|forest ; Open Dollywood build guide|orchid|6.1|min 5.69|forest ; Open Dollywood park map|lagoon|6.13|min 5.62|forest ; Open Kid Verse|honey|6.08|min 5.61|forest ; Open Verses|pistachio|6.12|min 5.61|forest
forest adult-home Today's reading|cornflower|6.22|min 5.74|forest ; In the fridge|leaf|6|min 5.45|forest ; Prayer|apricot|6.15|min 5.69|forest ; Memory verses|pistachio|6.12|min 5.59|forest ; Timer|coral|6.08|min 5.65|forest ; Kids|honey|6.08|min 5.59|forest ; Reminders|graphite|6.74|min 6.42|forest ; Around the house|graphite|6.74|min 6.42|forest
forest adult-chat Week 38 day 3: Acts 6. That will make 3 |periwinkle|6.09|min 5.67|forest
forest kid-apps Open Larder Ledger|leaf|6|min 5.45|forest ; Open Prayer|apricot|6.15|min 5.69|forest ; Open Tally counter|seafoam|6.03|min 5.46|forest ; Open Kitchen timer|coral|6.08|min 5.65|forest ; Open Dollywood park map|lagoon|6.13|min 5.62|forest ; Open Kid Verse|honey|6.08|min 5.59|forest ; Open Verses|pistachio|6.12|min 5.59|forest
forest kid-home Open all my apps|aqua|6.07|min 5.56|forest ; Stars|honey|5.99|min 5.59|forest
forest tv Verse of the week · Week 38|cornflower|7.65|min 7.02|forest ; Prayed today|apricot|7.45|min 6.89|forest ; Reading today|cornflower|7.65|min 7.02|forest ; Stars this week|honey|7.56|min 6.95|forest ; Around the house|graphite|8.03|min 7.65|forest ; Reminders|graphite|8.03|min 7.65|forest
forest park-map Nearby|periwinkle|7.02|min 7.02|forest
parchment adult-apps Open F260 Reading Plan|cornflower|5.48|min 5.01|parchment ; Open Larder Ledger|leaf|4.26|min 3.69|parchment ; Open Prayer|apricot|4.19|min 3.79|parchment ; Open Tally counter|seafoam|4.17|min 3.69|parchment ; Open Kitchen timer|coral|4.37|min 3.99|parchment ; Open Dollywood build guide|orchid|4.71|min 4.29|parchment ; Open Dollywood park map|lagoon|4.44|min 3.95|parchment ; Open Kid Verse|honey|4.24|min 3.73|parchment ; Open Verses|pistachio|4.38|min 3.76|parchment
parchment adult-home Today's reading|cornflower|5.48|min 4.97|parchment ; In the fridge|leaf|4.21|min 3.65|parchment ; Prayer|apricot|4.19|min 3.76|parchment ; Memory verses|pistachio|4.34|min 3.72|parchment ; Timer|coral|4.36|min 3.96|parchment ; Kids|honey|4.21|min 3.68|parchment ; Reminders|graphite|5.72|min 4.99|parchment ; Around the house|graphite|5.71|min 4.99|parchment
parchment adult-chat Week 38 day 3: Acts 6. That will make 3 |periwinkle|5.04|min 4.61|parchment
parchment kid-apps Open Larder Ledger|leaf|4.22|min 3.65|parchment ; Open Prayer|apricot|4.19|min 3.76|parchment ; Open Tally counter|seafoam|4.13|min 3.65|parchment ; Open Kitchen timer|coral|4.36|min 3.96|parchment ; Open Dollywood park map|lagoon|4.43|min 3.9|parchment ; Open Kid Verse|honey|4.21|min 3.68|parchment ; Open Verses|pistachio|4.34|min 3.72|parchment
parchment kid-home Open all my apps|aqua|4.23|min 3.71|parchment ; Stars|honey|4.21|min 3.65|parchment
parchment tv Verse of the week · Week 38|cornflower|6.83|min 6.2|parchment ; Prayed today|apricot|5.86|min 5.26|parchment ; Reading today|cornflower|6.83|min 6.2|parchment ; Stars this week|honey|5.93|min 5.19|parchment ; Around the house|graphite|8.76|min 7.66|parchment ; Reminders|graphite|8.76|min 7.66|parchment
parchment park-map Nearby|periwinkle|5.86|min 5.86|parchment
