{
 "webkit": {
  "version": "26.6",
  "support": {
   "colorMixSrgb": true,
   "linearEasing": true,
   "maxFn": true,
   "notAttr": true,
   "whereSel": true,
   "backdropFilter": true
  },
  "valuesChecked": 15372,
  "mismatches": 0,
  "maxChannelDelta255": 0.5,
  "nestedOk": [
   true,
   true,
   true,
   true
  ],
  "bareThemeOk": [
   true,
   true,
   true,
   true
  ],
  "sheen": {
   "noSheenInTokens": true,
   "elementWriteChangesNoToken": true,
   "rootWriteChangesNoToken": true,
   "elementSeesOwnValue": true
  },
  "lengths": {
   "adult-1440-desktop": {
    "--fs-body": 17,
    "--fs-caption2": 11,
    "--fs-large-title": 34,
    "--fs-glance-2": 64,
    "--tap": 44,
    "--tap-lg": 60,
    "--tap-row": 52,
    "--pad-card": 16,
    "--r-control": 12,
    "--r-card": 28,
    "--r-lg": 22,
    "--margin": 32
   },
   "kid-1440": {
    "--fs-body": 20.390625,
    "--fs-caption2": 16,
    "--fs-large-title": 40.796875,
    "--fs-glance-2": 76.796875,
    "--tap": 64,
    "--tap-lg": 84,
    "--tap-row": 72,
    "--pad-card": 20,
    "--r-control": 18,
    "--r-card": 38,
    "--r-lg": 28,
    "--margin": 32
   },
   "kiosk-1440": {
    "--fs-body": 22.09375,
    "--fs-caption2": 18,
    "--fs-large-title": 44.1875,
    "--fs-glance-2": 83.1875,
    "--tap": 64,
    "--tap-lg": 88,
    "--tap-row": 72,
    "--pad-card": 16,
    "--r-control": 18,
    "--r-card": 34,
    "--r-lg": 33,
    "--margin": 32
   },
   "adult-xxl": {
    "--fs-body": 25.5,
    "--fs-caption2": 16.5,
    "--fs-large-title": 51,
    "--fs-glance-2": 96,
    "--tap": 66,
    "--tap-lg": 90,
    "--tap-row": 78,
    "--pad-card": 16,
    "--r-control": 12,
    "--r-card": 28,
    "--r-lg": 22,
    "--margin": 32
   },
   "kiosk-xxl (ignores text size)": {
    "--fs-body": 22.09375,
    "--fs-caption2": 18,
    "--fs-large-title": 44.1875,
    "--fs-glance-2": 83.1875,
    "--tap": 64,
    "--tap-lg": 88,
    "--tap-row": 72,
    "--pad-card": 16,
    "--r-control": 18,
    "--r-card": 34,
    "--r-lg": 33,
    "--margin": 32
   },
   "kiosk-1024": {
    "--fs-body": 22.09375,
    "--fs-caption2": 18,
    "--fs-large-title": 44.1875,
    "--fs-glance-2": 83.1875,
    "--tap": 64,
    "--tap-lg": 88,
    "--tap-row": 72,
    "--pad-card": 16,
    "--r-control": 18,
    "--r-card": 34,
    "--r-lg": 33,
    "--margin": 28,
    "--fs-sm": 18,
    "--fs-md": 22,
    "--fs-lg": 26,
    "--fs-xl": 32,
    "--fs-2xl": 40,
    "--fs-3xl": 56,
    "--fs-4xl": 84,
    "--sp-4": 16,
    "--sp-6": 24,
    "--fs-floor": 18
   },
   "kiosk-1024-10ft": {
    "--fs-body": 22.09375,
    "--fs-caption2": 18,
    "--fs-large-title": 44.1875,
    "--fs-glance-2": 83.1875,
    "--tap": 64,
    "--tap-lg": 88,
    "--tap-row": 72,
    "--pad-card": 16,
    "--r-control": 18,
    "--r-card": 34,
    "--r-lg": 33,
    "--margin": 28,
    "--fs-sm": 18,
    "--fs-md": 22,
    "--fs-lg": 26,
    "--fs-xl": 32,
    "--fs-2xl": 40,
    "--fs-3xl": 56,
    "--fs-4xl": 84,
    "--sp-4": 16,
    "--sp-6": 24,
    "--fs-floor": 18
   },
   "kiosk-1920": {
    "--fs-body": 22.09375,
    "--fs-caption2": 18,
    "--fs-large-title": 44.1875,
    "--fs-glance-2": 83.1875,
    "--tap": 64,
    "--tap-lg": 88,
    "--tap-row": 72,
    "--pad-card": 16,
    "--r-control": 18,
    "--r-card": 34,
    "--r-lg": 33,
    "--margin": 32,
    "--fs-sm": 18,
    "--fs-md": 22,
    "--fs-lg": 26,
    "--fs-xl": 32,
    "--fs-2xl": 40,
    "--fs-3xl": 56,
    "--fs-4xl": 84,
    "--sp-4": 16,
    "--sp-6": 24,
    "--fs-floor": 18
   },
   "kiosk-1920-10ft": {
    "--fs-body": 32.296875,
    "--fs-caption2": 28,
    "--fs-large-title": 64.59375,
    "--fs-glance-2": 121.59375,
    "--tap": 64,
    "--tap-lg": 88,
    "--tap-row": 72,
    "--pad-card": 24,
    "--r-control": 18,
    "--r-card": 42,
    "--r-lg": 33,
    "--margin": 96,
    "--fs-sm": 28.5,
    "--fs-md": 32.296875,
    "--fs-lg": 38,
    "--fs-xl": 41.796875,
    "--fs-2xl": 53.1875,
    "--fs-3xl": 64.59375,
    "--fs-4xl": 121.59375,
    "--sp-4": 24,
    "--sp-6": 36,
    "--fs-floor": 28
   }
  },
  "mirrors": {
   "prefers-reduced-motion": {
    "emulated": true,
    "identical": true
   },
   "prefers-contrast": {
    "emulated": true,
    "identical": true
   }
  }
 },
 "chromium": {
  "version": "154.0.8037.57",
  "support": {
   "colorMixSrgb": true,
   "linearEasing": true,
   "maxFn": true,
   "notAttr": true,
   "whereSel": true,
   "backdropFilter": true
  },
  "valuesChecked": 15372,
  "mismatches": 0,
  "maxChannelDelta255": 0.5,
  "nestedOk": [
   true,
   true,
   true,
   true
  ],
  "bareThemeOk": [
   true,
   true,
   true,
   true
  ],
  "sheen": {
   "noSheenInTokens": true,
   "elementWriteChangesNoToken": true,
   "rootWriteChangesNoToken": true,
   "elementSeesOwnValue": true
  },
  "lengths": {
   "adult-1440-desktop": {
    "--fs-body": 17,
    "--fs-caption2": 11,
    "--fs-large-title": 34,
    "--fs-glance-2": 64,
    "--tap": 44,
    "--tap-lg": 60,
    "--tap-row": 52,
    "--pad-card": 16,
    "--r-control": 12,
    "--r-card": 28,
    "--r-lg": 22,
    "--margin": 32
   },
   "kid-1440": {
    "--fs-body": 20.3906,
    "--fs-caption2": 16,
    "--fs-large-title": 40.7969,
    "--fs-glance-2": 76.7969,
    "--tap": 64,
    "--tap-lg": 84,
    "--tap-row": 72,
    "--pad-card": 20,
    "--r-control": 18,
    "--r-card": 38,
    "--r-lg": 28,
    "--margin": 32
   },
   "kiosk-1440": {
    "--fs-body": 22.0938,
    "--fs-caption2": 18,
    "--fs-large-title": 44.1875,
    "--fs-glance-2": 83.1875,
    "--tap": 64,
    "--tap-lg": 88,
    "--tap-row": 72,
    "--pad-card": 16,
    "--r-control": 18,
    "--r-card": 34,
    "--r-lg": 33,
    "--margin": 32
   },
   "adult-xxl": {
    "--fs-body": 25.5,
    "--fs-caption2": 16.5,
    "--fs-large-title": 51,
    "--fs-glance-2": 96,
    "--tap": 66,
    "--tap-lg": 90,
    "--tap-row": 78,
    "--pad-card": 16,
    "--r-control": 12,
    "--r-card": 28,
    "--r-lg": 22,
    "--margin": 32
   },
   "kiosk-xxl (ignores text size)": {
    "--fs-body": 22.0938,
    "--fs-caption2": 18,
    "--fs-large-title": 44.1875,
    "--fs-glance-2": 83.1875,
    "--tap": 64,
    "--tap-lg": 88,
    "--tap-row": 72,
    "--pad-card": 16,
    "--r-control": 18,
    "--r-card": 34,
    "--r-lg": 33,
    "--margin": 32
   },
   "kiosk-1024": {
    "--fs-body": 22.0938,
    "--fs-caption2": 18,
    "--fs-large-title": 44.1875,
    "--fs-glance-2": 83.1875,
    "--tap": 64,
    "--tap-lg": 88,
    "--tap-row": 72,
    "--pad-card": 16,
    "--r-control": 18,
    "--r-card": 34,
    "--r-lg": 33,
    "--margin": 28,
    "--fs-sm": 18,
    "--fs-md": 22,
    "--fs-lg": 26,
    "--fs-xl": 32,
    "--fs-2xl": 40,
    "--fs-3xl": 56,
    "--fs-4xl": 84,
    "--sp-4": 16,
    "--sp-6": 24,
    "--fs-floor": 18
   },
   "kiosk-1024-10ft": {
    "--fs-body": 22.0938,
    "--fs-caption2": 18,
    "--fs-large-title": 44.1875,
    "--fs-glance-2": 83.1875,
    "--tap": 64,
    "--tap-lg": 88,
    "--tap-row": 72,
    "--pad-card": 16,
    "--r-control": 18,
    "--r-card": 34,
    "--r-lg": 33,
    "--margin": 28,
    "--fs-sm": 18,
    "--fs-md": 22,
    "--fs-lg": 26,
    "--fs-xl": 32,
    "--fs-2xl": 40,
    "--fs-3xl": 56,
    "--fs-4xl": 84,
    "--sp-4": 16,
    "--sp-6": 24,
    "--fs-floor": 18
   },
   "kiosk-1920": {
    "--fs-body": 22.0938,
    "--fs-caption2": 18,
    "--fs-large-title": 44.1875,
    "--fs-glance-2": 83.1875,
    "--tap": 64,
    "--tap-lg": 88,
    "--tap-row": 72,
    "--pad-card": 16,
    "--r-control": 18,
    "--r-card": 34,
    "--r-lg": 33,
    "--margin": 32,
    "--fs-sm": 18,
    "--fs-md": 22,
    "--fs-lg": 26,
    "--fs-xl": 32,
    "--fs-2xl": 40,
    "--fs-3xl": 56,
    "--fs-4xl": 84,
    "--sp-4": 16,
    "--sp-6": 24,
    "--fs-floor": 18
   },
   "kiosk-1920-10ft": {
    "--fs-body": 32.2969,
    "--fs-caption2": 28,
    "--fs-large-title": 64.5938,
    "--fs-glance-2": 121.594,
    "--tap": 64,
    "--tap-lg": 88,
    "--tap-row": 72,
    "--pad-card": 24,
    "--r-control": 18,
    "--r-card": 42,
    "--r-lg": 33,
    "--margin": 96,
    "--fs-sm": 28.5,
    "--fs-md": 32.2969,
    "--fs-lg": 38,
    "--fs-xl": 41.7969,
    "--fs-2xl": 53.1875,
    "--fs-3xl": 64.5938,
    "--fs-4xl": 121.594,
    "--sp-4": 24,
    "--sp-6": 36,
    "--fs-floor": 28
   }
  },
  "mirrors": {
   "prefers-reduced-motion": {
    "emulated": true,
    "identical": true
   },
   "prefers-contrast": {
    "emulated": true,
    "identical": true
   }
  }
 }
}
OK true
