webkit frosted text                                  median 6.88   p10 2.54   forest glass over worst
webkit frosted text-2                                median 5.14   p10 2.26   midnight glass over worst
webkit frosted text-3                                median 3.63   p10 2.12   frost glass over worst
webkit frosted (control: opaque card) text           median 13.42  p10 3.02   forest none over control
webkit frosted (control: opaque card) text-2         median 9.08   p10 2.8    frost none over control
webkit frosted (control: opaque card) text-3         median 6.14   p10 2.82   frost none over control
webkit current text                                  median 12.62  p10 3.02   forest glass over worst
webkit current text-2                                median 8.7    p10 2.8    frost glass over worst
webkit current text-3 (reported)                     median 5.88   p10 2.28   frost glass over worst
webkit current text-3                                median 6.09   p10 2.82   frost glass-strong over mid
webkit current (control: opaque card) text           median 13.42  p10 3.02   forest none over control
webkit current (control: opaque card) text-2         median 9.08   p10 2.8    frost none over control
webkit current (control: opaque card) text-3         median 6.14   p10 2.82   frost none over control
webkit clear text                                    median 12.13  p10 2.3    forest glass over worst
webkit clear text-2                                  median 8.47   p10 1.71   frost glass over worst
webkit clear text-3 (reported)                       median 4.59   p10 1.26   hearth glass over worst
webkit clear text-3                                  median 5.93   p10 2.82   frost glass-strong over mid
webkit clear (control: opaque card) text             median 13.42  p10 3.02   forest none over control
webkit clear (control: opaque card) text-2           median 9.08   p10 2.8    frost none over control
webkit clear (control: opaque card) text-3           median 6.14   p10 2.82   frost none over control
chromium frosted text                                median 6.79   p10 2.24   forest glass over worst
chromium frosted text-2                              median 5.06   p10 2.17   midnight glass over worst
chromium frosted text-3                              median 3.59   p10 2.14   forest glass over worst
chromium frosted (control: opaque card) text         median 13.42  p10 2.39   forest none over control
chromium frosted (control: opaque card) text-2       median 9.08   p10 2.39   frost none over control
chromium frosted (control: opaque card) text-3       median 6.14   p10 2.32   frost none over control
chromium current text                                median 11.23  p10 2.39   forest glass over worst
chromium current text-2                              median 8.66   p10 2.39   midnight glass over worst
chromium current text-3 (reported)                   median 5.98   p10 2.23   frost glass over worst
chromium current text-3                              median 6.05   p10 2.32   frost glass-strong over mid
chromium current (control: opaque card) text         median 13.42  p10 2.39   forest none over control
chromium current (control: opaque card) text-2       median 9.08   p10 2.39   frost none over control
chromium current (control: opaque card) text-3       median 6.14   p10 2.32   frost none over control
chromium clear text                                  median 10.69  p10 2.22   forest glass over worst
chromium clear text-2                                median 8.38   p10 1.71   midnight glass over worst
chromium clear text-3 (reported)                     median 4.65   p10 1.26   forest glass over worst
chromium clear text-3                                median 6      p10 2.32   frost glass-strong over mid
chromium clear (control: opaque card) text           median 13.42  p10 2.39   forest none over control
chromium clear (control: opaque card) text-2         median 9.08   p10 2.39   frost none over control
chromium clear (control: opaque card) text-3         median 6.14   p10 2.32   frost none over control
OK
