webkit frosted text                                      inner p10 6.64   outer p10 6.46   forest glass over worst 11px
webkit frosted text-2                                    inner p10 4.92   outer p10 4.81   midnight glass over worst 11px
webkit frosted text-3                                    inner p10 3.52   outer p10 3.42   midnight glass over worst 11px
webkit frosted icon text-2                               inner p10 4.91   outer p10 4.79   midnight glass over worst
webkit frosted icon accent-ink                           inner p10 4.22   outer p10 4.22   parchment glass over worst
webkit frosted (control: opaque card) text               inner p10 13.42  outer p10 13.42  forest none over control 15px
webkit frosted (control: opaque card) text-2             inner p10 9.08   outer p10 9.08   frost none over control 15px
webkit frosted (control: opaque card) text-3             inner p10 6.14   outer p10 6.14   frost none over control 15px
webkit current text                                      inner p10 12.62  outer p10 4.14   forest glass over worst 11px
webkit current text-2                                    inner p10 8.77   outer p10 3.05   frost glass over worst 11px
webkit current text-3 (reported)                         inner p10 5.93   outer p10 2.17   frost glass over worst 11px
webkit current icon text-2                               inner p10 9.08   outer p10 2.87   frost glass over page
webkit current icon accent-ink                           inner p10 7.05   outer p10 2.83   parchment glass over mid
webkit current text-3                                    inner p10 6.09   outer p10 5.1    frost glass-strong over mid 11px
webkit current (control: opaque card) text               inner p10 13.42  outer p10 13.42  forest none over control 15px
webkit current (control: opaque card) text-2             inner p10 9.08   outer p10 9.08   frost none over control 15px
webkit current (control: opaque card) text-3             inner p10 6.14   outer p10 6.14   frost none over control 15px
webkit clear text                                        inner p10 12.13  outer p10 2.17   forest glass over worst 11px
webkit clear text-2                                      inner p10 8.55   outer p10 1.59   frost glass over worst 11px
webkit clear text-3 (reported)                           inner p10 1.28   outer p10 1.27   hearth glass over worst 11px
webkit clear icon text-2                                 inner p10 9.08   outer p10 1.47   frost glass over page
webkit clear icon accent-ink                             inner p10 7.05   outer p10 1.26   parchment glass over mid
webkit clear text-3                                      inner p10 5.98   outer p10 3.23   frost glass-strong over mid 11px
webkit clear (control: opaque card) text                 inner p10 13.42  outer p10 13.42  forest none over control 15px
webkit clear (control: opaque card) text-2               inner p10 9.08   outer p10 9.08   frost none over control 15px
webkit clear (control: opaque card) text-3               inner p10 6.14   outer p10 6.14   frost none over control 15px
chromium frosted text                                    inner p10 6.62   outer p10 6.46   forest glass over worst 11px
chromium frosted text-2                                  inner p10 4.91   outer p10 4.81   midnight glass over worst 11px
chromium frosted text-3                                  inner p10 3.5    outer p10 3.41   forest glass over worst 11px
chromium frosted icon text-2                             inner p10 4.91   outer p10 4.83   midnight glass over worst
chromium frosted icon accent-ink                         inner p10 4.22   outer p10 4.22   parchment glass over worst
chromium frosted (control: opaque card) text             inner p10 13.42  outer p10 13.42  forest none over control 15px
chromium frosted (control: opaque card) text-2           inner p10 9.08   outer p10 9.08   frost none over control 15px
chromium frosted (control: opaque card) text-3           inner p10 6.14   outer p10 6.14   frost none over control 15px
chromium current text                                    inner p10 11.44  outer p10 4.12   forest glass over worst 11px
chromium current text-2                                  inner p10 8.72   outer p10 3.04   forest glass over worst 11px
chromium current text-3 (reported)                       inner p10 6.05   outer p10 2.16   frost glass over worst 11px
chromium current icon text-2                             inner p10 9.08   outer p10 2.88   frost glass over page
chromium current icon accent-ink                         inner p10 7.09   outer p10 2.84   parchment glass over page
chromium current text-3                                  inner p10 6.1    outer p10 5.1    frost glass-strong over mid 13px
chromium current (control: opaque card) text             inner p10 13.42  outer p10 13.42  forest none over control 15px
chromium current (control: opaque card) text-2           inner p10 9.08   outer p10 9.08   frost none over control 15px
chromium current (control: opaque card) text-3           inner p10 6.14   outer p10 6.14   frost none over control 15px
chromium clear text                                      inner p10 10.28  outer p10 2.18   forest glass over worst 11px
chromium clear text-2                                    inner p10 7.89   outer p10 1.6    forest glass over worst 11px
chromium clear text-3 (reported)                         inner p10 1.26   outer p10 1.28   hearth glass over worst 15px
chromium clear icon text-2                               inner p10 9.08   outer p10 1.48   frost glass over page
chromium clear icon accent-ink                           inner p10 7.09   outer p10 1.26   parchment glass over page
chromium clear text-3                                    inner p10 6.05   outer p10 3.2    frost glass-strong over mid 11px
chromium clear (control: opaque card) text               inner p10 13.42  outer p10 13.42  forest none over control 15px
chromium clear (control: opaque card) text-2             inner p10 9.08   outer p10 9.08   frost none over control 15px
chromium clear (control: opaque card) text-3             inner p10 6.14   outer p10 6.14   frost none over control 15px
OK
