webkit done 58 s
chromium done 132 s
{"evaluations":237282,"failing":444,"checkKinds":302}
failures: 400
  {"id":"halo rendered (my ring): text-2 p10, clear (stricter than the author's bar)","value":4.14,"thr":4.5,"ctx":"clear/hearth/glass/text-2/worst"}
  {"id":"halo rendered (my ring): text p10, clear (stricter than the author's bar)","value":6.24,"thr":7,"ctx":"clear/parchment/glass/text/worst"}
  {"id":"halo rendered (my ring): text-2 p10, clear (stricter than the author's bar)","value":4.26,"thr":4.5,"ctx":"clear/parchment/glass/text-2/worst"}
  {"id":"halo rendered (my ring): text-3 p10, clear (stricter than the author's bar)","value":4.38,"thr":4.5,"ctx":"clear/frost/glass-strong/text-3/mid"}
  {"id":"halo rendered (my ring): text-2 p10, clear (stricter than the author's bar)","value":4.23,"thr":4.5,"ctx":"clear/frost/glass/text-2/worst"}
  {"id":"halo rendered (my ring): text p10, current (stricter than the author's bar)","value":4.75,"thr":7,"ctx":"current/midnight/glass/text/worst"}
  {"id":"halo rendered (my ring): text-2 p10, current (stricter than the author's bar)","value":3.23,"thr":4.5,"ctx":"current/midnight/glass/text-2/worst"}
  {"id":"halo rendered (my ring): text-3 p10, clear (stricter than the author's bar)","value":3.62,"thr":4.5,"ctx":"clear/midnight/glass-strong/text-3/mid"}
  {"id":"halo rendered (my ring): text p10, clear (stricter than the author's bar)","value":3.2,"thr":7,"ctx":"clear/midnight/glass-strong/text/worst"}
  {"id":"halo rendered (my ring): text-2 p10, clear (stricter than the author's bar)","value":2.18,"thr":4.5,"ctx":"clear/midnight/glass-strong/text-2/worst"}
  {"id":"halo rendered (my ring): text p10, clear (stricter than the author's bar)","value":6.91,"thr":7,"ctx":"clear/midnight/glass/text/mid"}
  {"id":"halo rendered (my ring): text p10, clear (stricter than the author's bar)","value":2.69,"thr":7,"ctx":"clear/midnight/glass/text/worst"}
  {"id":"halo rendered (my ring): text-2 p10, clear (stricter than the author's bar)","value":1.83,"thr":4.5,"ctx":"clear/midnight/glass/text-2/worst"}
  {"id":"halo rendered (my ring): text p10, current (stricter than the author's bar)","value":4.38,"thr":7,"ctx":"current/forest/glass/text/worst"}
  {"id":"halo rendered (my ring): text-2 p10, current (stricter than the author's bar)","value":3.31,"thr":4.5,"ctx":"current/forest/glass/text-2/worst"}
  {"id":"halo rendered (my ring): text p10, clear (stricter than the author's bar)","value":6.92,"thr":7,"ctx":"clear/forest/glass-strong/text/mid"}
  {"id":"halo rendered (my ring): text-3 p10, clear (stricter than the author's bar)","value":3.67,"thr":4.5,"ctx":"clear/forest/glass-strong/text-3/mid"}
  {"id":"halo rendered (my ring): text p10, clear (stricter than the author's bar)","value":2.98,"thr":7,"ctx":"clear/forest/glass-strong/text/worst"}
  {"id":"halo rendered (my ring): text-2 p10, clear (stricter than the author's bar)","value":2.25,"thr":4.5,"ctx":"clear/forest/glass-strong/text-2/worst"}
  {"id":"halo rendered (my ring): text p10, clear (stricter than the author's bar)","value":6.36,"thr":7,"ctx":"clear/forest/glass/text/mid"}
  {"id":"halo rendered (my ring): text p10, clear (stricter than the author's bar)","value":2.49,"thr":7,"ctx":"clear/forest/glass/text/worst"}
  {"id":"halo rendered (my ring): text-2 p10, clear (stricter than the author's bar)","value":1.88,"thr":4.5,"ctx":"clear/forest/glass/text-2/worst"}
  {"id":"halo rendered (my ring): text p10, current (stricter than the author's bar)","value":4.99,"thr":7,"ctx":"current/graphite/glass/text/worst"}
  {"id":"halo rendered (my ring): text-2 p10, current (stricter than the author's bar)","value":3.57,"thr":4.5,"ctx":"current/graphite/glass/text-2/worst"}
  {"id":"halo rendered (my ring): text-3 p10, clear (stricter than the author's bar)","value":3.61,"thr":4.5,"ctx":"clear/graphite/glass-strong/text-3/mid"}
  {"id":"halo rendered (my ring): text p10, clear (stricter than the author's bar)","value":3.35,"thr":7,"ctx":"clear/graphite/glass-strong/text/worst"}
  {"id":"halo rendered (my ring): text-2 p10, clear (stricter than the author's bar)","value":2.4,"thr":4.5,"ctx":"clear/graphite/glass-strong/text-2/worst"}
  {"id":"halo rendered (my ring): text p10, clear (stricter than the author's bar)","value":2.78,"thr":7,"ctx":"clear/graphite/glass/text/worst"}
  {"id":"halo rendered (my ring): text-2 p10, clear (stricter than the author's bar)","value":1.99,"thr":4.5,"ctx":"clear/graphite/glass/text-2/worst"}
  {"id":"halo stress: an SVG icon (text-2) on see-through glass, non-text >= 3 (median of its ring)","value":1.92,"thr":3,"ctx":"clear/midnight/glass-strong/worst"}
  {"id":"halo stress: an SVG icon (accent-ink) on see-through glass, non-text >= 3 (median of its ring)","value":2.13,"thr":3,"ctx":"clear/midnight/glass-strong/worst"}
  {"id":"halo stress: an SVG icon (text-2) on see-through glass, non-text >= 3 (median of its ring)","value":1.6,"thr":3,"ctx":"clear/midnight/glass/worst"}
  {"id":"halo stress: an SVG icon (accent-ink) on see-through glass, non-text >= 3 (median of its ring)","value":1.78,"thr":3,"ctx":"clear/midnight/glass/worst"}
  {"id":"halo stress: an SVG icon (text-2) on see-through glass, non-text >= 3 (median of its ring)","value":2.95,"thr":3,"ctx":"current/midnight/glass/worst"}
  {"id":"halo stress: an SVG icon (text-2) on see-through glass, non-text >= 3 (median of its ring)","value":2.11,"thr":3,"ctx":"clear/graphite/glass-strong/worst"}
  {"id":"halo stress: an SVG icon (accent-ink) on see-through glass, non-text >= 3 (median of its ring)","value":2.16,"thr":3,"ctx":"clear/graphite/glass-strong/worst"}
  {"id":"halo stress: an SVG icon (text-2) on see-through glass, non-text >= 3 (median of its ring)","value":1.73,"thr":3,"ctx":"clear/graphite/glass/worst"}
  {"id":"halo stress: an SVG icon (accent-ink) on see-through glass, non-text >= 3 (median of its ring)","value":1.78,"thr":3,"ctx":"clear/graphite/glass/worst"}
  {"id":"app vs status (per role, per status): no closer than the closest person to THAT status","value":2.168,"thr":2.369688641465455,"ctx":"hearth/apricot/danger/wash (person min 2.37)"}
  {"id":"app vs status (per role, per status): no closer than the closest person to THAT status","value":3.713,"thr":4.148480661801001,"ctx":"hearth/honey/warning/fill (person min 4.15)"}
  {"id":"app vs status (per role, per status): no closer than the closest person to THAT status","value":4.025,"thr":9.281654942511645,"ctx":"hearth/coral/danger/fill (person min 9.28)"}
  {"id":"app vs status (per role, per status): no closer than the closest person to THAT status","value":7.703,"thr":9.281654942511645,"ctx":"hearth/apricot/danger/fill (person min 9.28)"}
  {"id":"app vs status (per role, per status): no closer than the closest person to THAT status","value":6.594,"thr":12.147892013197476,"ctx":"hearth/coral/danger/fill-strong (person min 12.15)"}
  {"id":"app vs status (per role, per status): no closer than the closest person to THAT status","value":6.649,"thr":12.147892013197476,"ctx":"hearth/apricot/danger/fill-strong (person min 12.15)"}
  {"id":"app vs status (per role, per status): no closer than the closest person to THAT status","value":8.817,"thr":9.21401364303592,"ctx":"hearth/leaf/success/strong (person min 9.21)"}
  {"id":"app vs status (per role, per status): no closer than the closest person to THAT status","value":14.761,"thr":18.253264746584176,"ctx":"hearth/coral/danger/strong (person min 18.25)"}
  {"id":"app vs status (per role, per status): no closer than the closest person to THAT status","value":13.181,"thr":18.253264746584176,"ctx":"hearth/apricot/danger/strong (person min 18.25)"}
  {"id":"app vs status (per role, per status): no closer than the closest person to THAT status","value":10.473,"thr":10.737255489776654,"ctx":"hearth/leaf/success/graphic (person min 10.74)"}
  {"id":"app vs status (per role): no closer than the closest person to ANY status (the author wording, looser)","value":10.473,"thr":10.737255489776654,"ctx":"hearth/leaf/success/graphic"}
  {"id":"app vs status (per role, per status): no closer than the closest person to THAT status","value":10.464,"thr":13.535721112704993,"ctx":"hearth/honey/warning/graphic (person min 13.54)"}
  {"id":"app vs status (per role): no closer than the closest person to ANY status (the author wording, looser)","value":10.464,"thr":10.737255489776654,"ctx":"hearth/honey/warning/graphic"}
  {"id":"app vs status (per role, per status): no closer than the closest person to THAT status","value":15.677,"thr":21.83049403851344,"ctx":"hearth/coral/danger/graphic (person min 21.83)"}
  {"id":"app vs status (per role, per status): no closer than the closest person to THAT status","value":17.475,"thr":21.83049403851344,"ctx":"hearth/apricot/danger/graphic (person min 21.83)"}
  {"id":"app vs status (per role, per status): no closer than the closest person to THAT status","value":5.975,"thr":9.834146291440423,"ctx":"hearth/honey/warning/ink (person min 9.83)"}
  {"id":"app vs status (per role, per status): no closer than the closest person to THAT status","value":6.048,"thr":13.767891645882594,"ctx":"hearth/coral/danger/ink (person min 13.77)"}
  {"id":"app vs status (per role, per status): no closer than the closest person to THAT status","value":9.177,"thr":13.767891645882594,"ctx":"hearth/apricot/danger/ink (person min 13.77)"}
  {"id":"app vs status (per role, per status): no closer than the closest person to THAT status","value":4.858,"thr":8.280013219122203,"ctx":"hearth/honey/warning/ink-hi (person min 8.28)"}
  {"id":"app vs status (per role, per status): no closer than the closest person to THAT status","value":5.935,"thr":13.27046028673334,"ctx":"hearth/coral/danger/ink-hi (person min 13.27)"}
  {"id":"app vs status (per role, per status): no closer than the closest person to THAT status","value":8.619,"thr":13.27046028673334,"ctx":"hearth/apricot/danger/ink-hi (person min 13.27)"}
  {"id":"app vs status (per role, per status): no closer than the closest person to THAT status","value":2.168,"thr":2.369688641465455,"ctx":"parchment/apricot/danger/wash (person min 2.37)"}
exit 0
