webkit done 94 s
chromium done 204 s
{"evaluations":237502,"failing":366,"checkKinds":307}
failures: 366
  {"id":"app vs status (per role, per status): no closer than the closest person to THAT status","value":2.168,"thr":2.369688641465455,"ctx":"hearth/apricot/danger/wash (person min 2.37)"}
  {"id":"app vs status (per role, per status): no closer than the closest person to THAT status","value":3.941,"thr":9.281654942511645,"ctx":"hearth/coral/danger/fill (person min 9.28)"}
  {"id":"app vs status (per role, per status): no closer than the closest person to THAT status","value":7.703,"thr":9.281654942511645,"ctx":"hearth/apricot/danger/fill (person min 9.28)"}
  {"id":"app vs status (per role, per status): no closer than the closest person to THAT status","value":6.594,"thr":12.147892013197476,"ctx":"hearth/coral/danger/fill-strong (person min 12.15)"}
  {"id":"app vs status (per role, per status): no closer than the closest person to THAT status","value":6.649,"thr":12.147892013197476,"ctx":"hearth/apricot/danger/fill-strong (person min 12.15)"}
  {"id":"app vs status (per role, per status): no closer than the closest person to THAT status","value":8.817,"thr":9.21401364303592,"ctx":"hearth/leaf/success/strong (person min 9.21)"}
  {"id":"app vs status (per role, per status): no closer than the closest person to THAT status","value":14.761,"thr":18.253264746584176,"ctx":"hearth/coral/danger/strong (person min 18.25)"}
  {"id":"app vs status (per role, per status): no closer than the closest person to THAT status","value":13.181,"thr":18.253264746584176,"ctx":"hearth/apricot/danger/strong (person min 18.25)"}
  {"id":"app vs status (per role, per status): no closer than the closest person to THAT status","value":10.473,"thr":10.737255489776654,"ctx":"hearth/leaf/success/graphic (person min 10.74)"}
  {"id":"app vs status (per role): no closer than the closest person to ANY status (the author wording, looser)","value":10.473,"thr":10.737255489776654,"ctx":"hearth/leaf/success/graphic"}
  {"id":"app vs status (per role, per status): no closer than the closest person to THAT status","value":10.464,"thr":13.535721112704993,"ctx":"hearth/honey/warning/graphic (person min 13.54)"}
  {"id":"app vs status (per role): no closer than the closest person to ANY status (the author wording, looser)","value":10.464,"thr":10.737255489776654,"ctx":"hearth/honey/warning/graphic"}
  {"id":"app vs status (per role, per status): no closer than the closest person to THAT status","value":15.677,"thr":21.83049403851344,"ctx":"hearth/coral/danger/graphic (person min 21.83)"}
  {"id":"app vs status (per role, per status): no closer than the closest person to THAT status","value":17.475,"thr":21.83049403851344,"ctx":"hearth/apricot/danger/graphic (person min 21.83)"}
  {"id":"app vs status (per role, per status): no closer than the closest person to THAT status","value":5.975,"thr":9.834146291440423,"ctx":"hearth/honey/warning/ink (person min 9.83)"}
  {"id":"app vs status (per role, per status): no closer than the closest person to THAT status","value":6.048,"thr":13.767891645882594,"ctx":"hearth/coral/danger/ink (person min 13.77)"}
  {"id":"app vs status (per role, per status): no closer than the closest person to THAT status","value":9.177,"thr":13.767891645882594,"ctx":"hearth/apricot/danger/ink (person min 13.77)"}
  {"id":"app vs status (per role, per status): no closer than the closest person to THAT status","value":4.858,"thr":8.280013219122203,"ctx":"hearth/honey/warning/ink-hi (person min 8.28)"}
  {"id":"app vs status (per role, per status): no closer than the closest person to THAT status","value":6.107,"thr":13.27046028673334,"ctx":"hearth/coral/danger/ink-hi (person min 13.27)"}
  {"id":"app vs status (per role, per status): no closer than the closest person to THAT status","value":8.619,"thr":13.27046028673334,"ctx":"hearth/apricot/danger/ink-hi (person min 13.27)"}
  {"id":"app vs person, every role: at least half the people's own closest spacing (report-level bar)","value":1.5,"thr":1.6068879232856816,"ctx":"hearth/wash/apricot/peach"}
  {"id":"app vs person, every role: at least half the people's own closest spacing (report-level bar)","value":3.726,"thr":4.608950211354568,"ctx":"hearth/strong/lagoon/aqua"}
  {"id":"app vs person, every role: at least half the people's own closest spacing (report-level bar)","value":6.326,"thr":7.302551100383637,"ctx":"hearth/graphic/apricot/peach"}
  {"id":"app vs person, every role: at least half the people's own closest spacing (report-level bar)","value":3.822,"thr":3.9125978218931983,"ctx":"hearth/ink/cornflower/sky"}
  {"id":"app vs person, every role: at least half the people's own closest spacing (report-level bar)","value":3.673,"thr":3.713797473421387,"ctx":"hearth/ink-hi/cornflower/sky"}
  {"id":"app vs status (per role, per status): no closer than the closest person to THAT status","value":2.168,"thr":2.369688641465455,"ctx":"parchment/apricot/danger/wash (person min 2.37)"}
  {"id":"app vs status (per role, per status): no closer than the closest person to THAT status","value":3.941,"thr":9.281654942511645,"ctx":"parchment/coral/danger/fill (person min 9.28)"}
  {"id":"app vs status (per role, per status): no closer than the closest person to THAT status","value":7.703,"thr":9.281654942511645,"ctx":"parchment/apricot/danger/fill (person min 9.28)"}
  {"id":"app vs status (per role, per status): no closer than the closest person to THAT status","value":6.594,"thr":12.147892013197476,"ctx":"parchment/coral/danger/fill-strong (person min 12.15)"}
  {"id":"app vs status (per role, per status): no closer than the closest person to THAT status","value":6.649,"thr":12.147892013197476,"ctx":"parchment/apricot/danger/fill-strong (person min 12.15)"}
  {"id":"app vs status (per role, per status): no closer than the closest person to THAT status","value":8.817,"thr":9.21401364303592,"ctx":"parchment/leaf/success/strong (person min 9.21)"}
  {"id":"app vs status (per role, per status): no closer than the closest person to THAT status","value":14.761,"thr":18.253264746584176,"ctx":"parchment/coral/danger/strong (person min 18.25)"}
  {"id":"app vs status (per role, per status): no closer than the closest person to THAT status","value":13.181,"thr":18.253264746584176,"ctx":"parchment/apricot/danger/strong (person min 18.25)"}
  {"id":"app vs status (per role, per status): no closer than the closest person to THAT status","value":10.473,"thr":10.737255489776654,"ctx":"parchment/leaf/success/graphic (person min 10.74)"}
  {"id":"app vs status (per role): no closer than the closest person to ANY status (the author wording, looser)","value":10.473,"thr":10.737255489776654,"ctx":"parchment/leaf/success/graphic"}
  {"id":"app vs status (per role, per status): no closer than the closest person to THAT status","value":10.464,"thr":13.535721112704993,"ctx":"parchment/honey/warning/graphic (person min 13.54)"}
  {"id":"app vs status (per role): no closer than the closest person to ANY status (the author wording, looser)","value":10.464,"thr":10.737255489776654,"ctx":"parchment/honey/warning/graphic"}
  {"id":"app vs status (per role, per status): no closer than the closest person to THAT status","value":15.677,"thr":21.83049403851344,"ctx":"parchment/coral/danger/graphic (person min 21.83)"}
  {"id":"app vs status (per role, per status): no closer than the closest person to THAT status","value":17.475,"thr":21.83049403851344,"ctx":"parchment/apricot/danger/graphic (person min 21.83)"}
  {"id":"app vs status (per role, per status): no closer than the closest person to THAT status","value":5.975,"thr":9.834146291440423,"ctx":"parchment/honey/warning/ink (person min 9.83)"}
  {"id":"app vs status (per role, per status): no closer than the closest person to THAT status","value":6.048,"thr":13.767891645882594,"ctx":"parchment/coral/danger/ink (person min 13.77)"}
  {"id":"app vs status (per role, per status): no closer than the closest person to THAT status","value":9.177,"thr":13.767891645882594,"ctx":"parchment/apricot/danger/ink (person min 13.77)"}
  {"id":"app vs status (per role, per status): no closer than the closest person to THAT status","value":4.858,"thr":8.280013219122203,"ctx":"parchment/honey/warning/ink-hi (person min 8.28)"}
  {"id":"app vs status (per role, per status): no closer than the closest person to THAT status","value":6.107,"thr":13.27046028673334,"ctx":"parchment/coral/danger/ink-hi (person min 13.27)"}
  {"id":"app vs status (per role, per status): no closer than the closest person to THAT status","value":8.619,"thr":13.27046028673334,"ctx":"parchment/apricot/danger/ink-hi (person min 13.27)"}
  {"id":"app vs person, every role: at least half the people's own closest spacing (report-level bar)","value":1.5,"thr":1.6068879232856816,"ctx":"parchment/wash/apricot/peach"}
  {"id":"app vs person, every role: at least half the people's own closest spacing (report-level bar)","value":3.726,"thr":4.608950211354568,"ctx":"parchment/strong/lagoon/aqua"}
  {"id":"app vs person, every role: at least half the people's own closest spacing (report-level bar)","value":6.326,"thr":7.302551100383637,"ctx":"parchment/graphic/apricot/peach"}
  {"id":"app vs person, every role: at least half the people's own closest spacing (report-level bar)","value":3.822,"thr":3.9125978218931983,"ctx":"parchment/ink/cornflower/sky"}
  {"id":"app vs person, every role: at least half the people's own closest spacing (report-level bar)","value":3.673,"thr":3.713797473421387,"ctx":"parchment/ink-hi/cornflower/sky"}
  {"id":"app vs status (per role, per status): no closer than the closest person to THAT status","value":2.168,"thr":2.369688641465455,"ctx":"frost/apricot/danger/wash (person min 2.37)"}
  {"id":"app vs status (per role, per status): no closer than the closest person to THAT status","value":3.941,"thr":9.281654942511645,"ctx":"frost/coral/danger/fill (person min 9.28)"}
  {"id":"app vs status (per role, per status): no closer than the closest person to THAT status","value":7.703,"thr":9.281654942511645,"ctx":"frost/apricot/danger/fill (person min 9.28)"}
  {"id":"app vs status (per role, per status): no closer than the closest person to THAT status","value":6.594,"thr":12.147892013197476,"ctx":"frost/coral/danger/fill-strong (person min 12.15)"}
  {"id":"app vs status (per role, per status): no closer than the closest person to THAT status","value":6.649,"thr":12.147892013197476,"ctx":"frost/apricot/danger/fill-strong (person min 12.15)"}
  {"id":"app vs status (per role, per status): no closer than the closest person to THAT status","value":8.817,"thr":9.21401364303592,"ctx":"frost/leaf/success/strong (person min 9.21)"}
  {"id":"app vs status (per role, per status): no closer than the closest person to THAT status","value":14.761,"thr":18.253264746584176,"ctx":"frost/coral/danger/strong (person min 18.25)"}
  {"id":"app vs status (per role, per status): no closer than the closest person to THAT status","value":13.181,"thr":18.253264746584176,"ctx":"frost/apricot/danger/strong (person min 18.25)"}
  {"id":"app vs status (per role, per status): no closer than the closest person to THAT status","value":10.473,"thr":10.737255489776654,"ctx":"frost/leaf/success/graphic (person min 10.74)"}
  {"id":"app vs status (per role): no closer than the closest person to ANY status (the author wording, looser)","value":10.473,"thr":10.737255489776654,"ctx":"frost/leaf/success/graphic"}
exit 0
